16:47:51 **** Auto Build of configuration Debug for project dftl ****
make pre-build main-build 
a9-linaro-pre-build-step
 
Building file: D:/git/StreamFTL/cosmos_plus/test/test_main.c
Invoking: ARM v7 g++ compiler
arm-none-eabi-g++ -DCOSMOS_PLUS=1 -DDFTL=1 -Wall -O0 -g3 -I../../dftl_bsp/ps7_cortexa9_0/include -I../../streamftl_bsp/ps7_cortexa9_0/include -I../../../../common -I../../../../fil -I../../../../test -I../../../../hil -I../../../../hil/nvme -I../../../../ftl -I../../../../dftl -I../../../../target -I../../../../target/cosmos_plus -I../../../../ftl/dftl -c -fmessage-length=0 -MT"src/test/test_main.o" -mcpu=cortex-a9 -mfpu=vfpv3 -mfloat-abi=hard -MMD -MP -MF"src/test/test_main.d" -MT"src/test/test_main.o" -o "src/test/test_main.o" "D:/git/StreamFTL/cosmos_plus/test/test_main.c"
D:/git/StreamFTL/cosmos_plus/test/test_main.c: In function 'int NVME_SetIOCmd(int, short unsigned int, NVME_CMD_OPCODE)':
D:/git/StreamFTL/cosmos_plus/test/test_main.c:271:72: warning: left operand of comma operator has no effect [-Wunused-value]
  TEST_PRINTF("Set NVME CMD: OPCode / LBA / Count : %d / %d / %d \n\r", nCmdOPCode, nStartLBA, nLBACount);
                                                                        ^~~~~~~~~~
D:/git/StreamFTL/cosmos_plus/test/test_main.c:271:84: warning: right operand of comma operator has no effect [-Wunused-value]
  TEST_PRINTF("Set NVME CMD: OPCode / LBA / Count : %d / %d / %d \n\r", nCmdOPCode, nStartLBA, nLBACount);
                                                                                    ^~~~~~~~~
D:/git/StreamFTL/cosmos_plus/test/test_main.c:271:95: warning: right operand of comma operator has no effect [-Wunused-value]
  TEST_PRINTF("Set NVME CMD: OPCode / LBA / Count : %d / %d / %d \n\r", nCmdOPCode, nStartLBA, nLBACount);
                                                                                               ^~~~~~~~~
D:/git/StreamFTL/cosmos_plus/test/test_main.c: In function 'void _PerfFTLProgram(int)':
D:/git/StreamFTL/cosmos_plus/test/test_main.c:512:8: warning: unused variable 'pBuf' [-Wunused-variable]
  char* pBuf = (char*)OSAL_MemAlloc(MEM_TYPE_BUF, HOST_BLOCK_SIZE, HOST_BLOCK_SIZE);
        ^~~~
D:/git/StreamFTL/cosmos_plus/test/test_main.c: In function 'VOID _DoAging()':
D:/git/StreamFTL/cosmos_plus/test/test_main.c:1165:28: warning: ISO C++ forbids converting a string constant to 'char*' [-Wwrite-strings]
    _PrintFTLInfo("Seq/Rand");
                            ^
D:/git/StreamFTL/cosmos_plus/test/test_main.c:1199:65: warning: ISO C++ forbids converting a string constant to 'char*' [-Wwrite-strings]
      print_count("all_workload", g_stTestGlobal.nTraceTotalWrite);
                                                                 ^
D:/git/StreamFTL/cosmos_plus/test/test_main.c: At global scope:
D:/git/StreamFTL/cosmos_plus/test/test_main.c:114:14: warning: 'INT32 _GetTraceLineCount(char*)' declared 'static' but never defined [-Wunused-function]
 static INT32 _GetTraceLineCount(char* psWorkloadPath);
              ^~~~~~~~~~~~~~~~~~
D:/git/StreamFTL/cosmos_plus/test/test_main.c:1796:13: warning: 'void _CheckTimer(int)' defined but not used [-Wunused-function]
 static void _CheckTimer(int nDurationSec)
             ^~~~~~~~~~~
D:/git/StreamFTL/cosmos_plus/test/test_main.c:1517:13: warning: 'VOID _PrintAnalysisInfo(char*)' defined but not used [-Wunused-function]
 static VOID _PrintAnalysisInfo(char* psTraceFileName)
             ^~~~~~~~~~~~~~~~~~
D:/git/StreamFTL/cosmos_plus/test/test_main.c:1121:13: warning: 'VOID _DoAging()' defined but not used [-Wunused-function]
 static VOID _DoAging(VOID)
             ^~~~~~~~
D:/git/StreamFTL/cosmos_plus/test/test_main.c:1009:13: warning: 'void _WriteLPN(INT32, INT32)' defined but not used [-Wunused-function]
 static void _WriteLPN(INT32 nLBA, INT32 nBlockCount)
             ^~~~~~~~~
D:/git/StreamFTL/cosmos_plus/test/test_main.c:996:13: warning: 'void _ReadLPN(INT32, INT32)' defined but not used [-Wunused-function]
 static void _ReadLPN(INT32 nLBA, INT32 nBlockCount)
             ^~~~~~~~
D:/git/StreamFTL/cosmos_plus/test/test_main.c:975:14: warning: 'INT32 parsing_size(char*)' defined but not used [-Wunused-function]
 static INT32 parsing_size(char * str)
              ^~~~~~~~~~~~
D:/git/StreamFTL/cosmos_plus/test/test_main.c:950:13: warning: 'VOID command_setting(int, char**)' defined but not used [-Wunused-function]
 static VOID command_setting(int argc, char *argv[])
             ^~~~~~~~~~~~~~~
D:/git/StreamFTL/cosmos_plus/test/test_main.c:887:13: warning: 'VOID _ParseCommandLineParameter(int, char**)' defined but not used [-Wunused-function]
 static VOID _ParseCommandLineParameter(int argc, char* argv[])
             ^~~~~~~~~~~~~~~~~~~~~~~~~~
Finished building: D:/git/StreamFTL/cosmos_plus/test/test_main.c
 
Building file: D:/git/StreamFTL/cosmos_plus/test/test_nvme_request.c
Invoking: ARM v7 g++ compiler
arm-none-eabi-g++ -DCOSMOS_PLUS=1 -DDFTL=1 -Wall -O0 -g3 -I../../dftl_bsp/ps7_cortexa9_0/include -I../../streamftl_bsp/ps7_cortexa9_0/include -I../../../../common -I../../../../fil -I../../../../test -I../../../../hil -I../../../../hil/nvme -I../../../../ftl -I../../../../dftl -I../../../../target -I../../../../target/cosmos_plus -I../../../../ftl/dftl -c -fmessage-length=0 -MT"src/test/test_nvme_request.o" -mcpu=cortex-a9 -mfpu=vfpv3 -mfloat-abi=hard -MMD -MP -MF"src/test/test_nvme_request.d" -MT"src/test/test_nvme_request.o" -o "src/test/test_nvme_request.o" "D:/git/StreamFTL/cosmos_plus/test/test_nvme_request.c"
D:/git/StreamFTL/cosmos_plus/test/test_nvme_request.c: In function 'void NVMeRequest_Release(NVMeRequest*, int)':
D:/git/StreamFTL/cosmos_plus/test/test_nvme_request.c:84:21: warning: left operand of comma operator has no effect [-Wunused-value]
   pstRequest->stCmd.OPC, pstRequest->stCmd.dword[NVME_IO_CMD_INDEX_LBA0], (pstRequest->stCmdDW12.NLB + 1));
                     ^~~
D:/git/StreamFTL/cosmos_plus/test/test_nvme_request.c:84:21: warning: right operand of comma operator has no effect [-Wunused-value]
   pstRequest->stCmd.OPC, pstRequest->stCmd.dword[NVME_IO_CMD_INDEX_LBA0], (pstRequest->stCmdDW12.NLB + 1));
   ~~~~~~~~~~~~~~~~~~^~~
D:/git/StreamFTL/cosmos_plus/test/test_nvme_request.c:84:72: warning: right operand of comma operator has no effect [-Wunused-value]
   pstRequest->stCmd.OPC, pstRequest->stCmd.dword[NVME_IO_CMD_INDEX_LBA0], (pstRequest->stCmdDW12.NLB + 1));
                          ~~~~~~~~~~~~~~~~~~~~~~~~~~~~~~~~~~~~~~~~~~~~~~^
In file included from D:/git/StreamFTL/cosmos_plus/test/test_nvme_request.c:23:0:
../../../../common/cosmos_types.h:21:24: warning: large integer implicitly truncated to unsigned type [-Woverflow]
 #define INVALID_INDEX  0xFFFFFFFF
                        ^
D:/git/StreamFTL/cosmos_plus/test/test_nvme_request.c:98:30: note: in expansion of macro 'INVALID_INDEX'
  pstRequest->stFIFOReg.qID = INVALID_INDEX;
                              ^~~~~~~~~~~~~
Finished building: D:/git/StreamFTL/cosmos_plus/test/test_nvme_request.c
 
Building file: D:/git/StreamFTL/cosmos_plus/Target/cosmos_plus/cosmos_plus_system.c
Invoking: ARM v7 g++ compiler
arm-none-eabi-g++ -DCOSMOS_PLUS=1 -DDFTL=1 -Wall -O0 -g3 -I../../dftl_bsp/ps7_cortexa9_0/include -I../../streamftl_bsp/ps7_cortexa9_0/include -I../../../../common -I../../../../fil -I../../../../test -I../../../../hil -I../../../../hil/nvme -I../../../../ftl -I../../../../dftl -I../../../../target -I../../../../target/cosmos_plus -I../../../../ftl/dftl -c -fmessage-length=0 -MT"src/target/cosmos_plus/cosmos_plus_system.o" -mcpu=cortex-a9 -mfpu=vfpv3 -mfloat-abi=hard -MMD -MP -MF"src/target/cosmos_plus/cosmos_plus_system.d" -MT"src/target/cosmos_plus/cosmos_plus_system.o" -o "src/target/cosmos_plus/cosmos_plus_system.o" "D:/git/StreamFTL/cosmos_plus/Target/cosmos_plus/cosmos_plus_system.c"
Finished building: D:/git/StreamFTL/cosmos_plus/Target/cosmos_plus/cosmos_plus_system.c
 
Building file: D:/git/StreamFTL/cosmos_plus/Target/main.c
Invoking: ARM v7 g++ compiler
arm-none-eabi-g++ -DCOSMOS_PLUS=1 -DDFTL=1 -Wall -O0 -g3 -I../../dftl_bsp/ps7_cortexa9_0/include -I../../streamftl_bsp/ps7_cortexa9_0/include -I../../../../common -I../../../../fil -I../../../../test -I../../../../hil -I../../../../hil/nvme -I../../../../ftl -I../../../../dftl -I../../../../target -I../../../../target/cosmos_plus -I../../../../ftl/dftl -c -fmessage-length=0 -MT"src/target/main.o" -mcpu=cortex-a9 -mfpu=vfpv3 -mfloat-abi=hard -MMD -MP -MF"src/target/main.d" -MT"src/target/main.o" -o "src/target/main.o" "D:/git/StreamFTL/cosmos_plus/Target/main.c"
Finished building: D:/git/StreamFTL/cosmos_plus/Target/main.c
 
Building file: D:/git/StreamFTL/cosmos_plus/Target/osal.c
Invoking: ARM v7 g++ compiler
arm-none-eabi-g++ -DCOSMOS_PLUS=1 -DDFTL=1 -Wall -O0 -g3 -I../../dftl_bsp/ps7_cortexa9_0/include -I../../streamftl_bsp/ps7_cortexa9_0/include -I../../../../common -I../../../../fil -I../../../../test -I../../../../hil -I../../../../hil/nvme -I../../../../ftl -I../../../../dftl -I../../../../target -I../../../../target/cosmos_plus -I../../../../ftl/dftl -c -fmessage-length=0 -MT"src/target/osal.o" -mcpu=cortex-a9 -mfpu=vfpv3 -mfloat-abi=hard -MMD -MP -MF"src/target/osal.d" -MT"src/target/osal.o" -o "src/target/osal.o" "D:/git/StreamFTL/cosmos_plus/Target/osal.c"
In file included from D:/git/StreamFTL/cosmos_plus/Target/osal.c:20:0:
../../dftl_bsp/ps7_cortexa9_0/include/Xtime_l.h:89:70: note: #pragma message: For the sleep routines, Global timer is being used
 #pragma message ("For the sleep routines, Global timer is being used")
                                                                      ^
Finished building: D:/git/StreamFTL/cosmos_plus/Target/osal.c
 
Building file: D:/git/StreamFTL/cosmos_plus/hil/nvme/host_lld.c
Invoking: ARM v7 g++ compiler
arm-none-eabi-g++ -DCOSMOS_PLUS=1 -DDFTL=1 -Wall -O0 -g3 -I../../dftl_bsp/ps7_cortexa9_0/include -I../../streamftl_bsp/ps7_cortexa9_0/include -I../../../../common -I../../../../fil -I../../../../test -I../../../../hil -I../../../../hil/nvme -I../../../../ftl -I../../../../dftl -I../../../../target -I../../../../target/cosmos_plus -I../../../../ftl/dftl -c -fmessage-length=0 -MT"src/hil/nvme/host_lld.o" -mcpu=cortex-a9 -mfpu=vfpv3 -mfloat-abi=hard -MMD -MP -MF"src/hil/nvme/host_lld.d" -MT"src/hil/nvme/host_lld.o" -o "src/hil/nvme/host_lld.o" "D:/git/StreamFTL/cosmos_plus/hil/nvme/host_lld.c"
D:/git/StreamFTL/cosmos_plus/hil/nvme/host_lld.c: In function 'void set_nvme_slot_release(unsigned int)':
D:/git/StreamFTL/cosmos_plus/hil/nvme/host_lld.c:353:52: warning: 'nvmeReg._NVME_CPL_FIFO_REG::<anonymous>._NVME_CPL_FIFO_REG::<unnamed union>::dword[0]' is used uninitialized in this function [-Wuninitialized]
  IO_WRITE32(NVME_CPL_FIFO_REG_ADDR, nvmeReg.dword[0]);
                                                    ^
Finished building: D:/git/StreamFTL/cosmos_plus/hil/nvme/host_lld.c
 
Building file: D:/git/StreamFTL/cosmos_plus/hil/nvme/nvme_admin_cmd.c
Invoking: ARM v7 g++ compiler
arm-none-eabi-g++ -DCOSMOS_PLUS=1 -DDFTL=1 -Wall -O0 -g3 -I../../dftl_bsp/ps7_cortexa9_0/include -I../../streamftl_bsp/ps7_cortexa9_0/include -I../../../../common -I../../../../fil -I../../../../test -I../../../../hil -I../../../../hil/nvme -I../../../../ftl -I../../../../dftl -I../../../../target -I../../../../target/cosmos_plus -I../../../../ftl/dftl -c -fmessage-length=0 -MT"src/hil/nvme/nvme_admin_cmd.o" -mcpu=cortex-a9 -mfpu=vfpv3 -mfloat-abi=hard -MMD -MP -MF"src/hil/nvme/nvme_admin_cmd.d" -MT"src/hil/nvme/nvme_admin_cmd.o" -o "src/hil/nvme/nvme_admin_cmd.o" "D:/git/StreamFTL/cosmos_plus/hil/nvme/nvme_admin_cmd.c"
Finished building: D:/git/StreamFTL/cosmos_plus/hil/nvme/nvme_admin_cmd.c
 
Building file: D:/git/StreamFTL/cosmos_plus/hil/nvme/nvme_identify.c
Invoking: ARM v7 g++ compiler
arm-none-eabi-g++ -DCOSMOS_PLUS=1 -DDFTL=1 -Wall -O0 -g3 -I../../dftl_bsp/ps7_cortexa9_0/include -I../../streamftl_bsp/ps7_cortexa9_0/include -I../../../../common -I../../../../fil -I../../../../test -I../../../../hil -I../../../../hil/nvme -I../../../../ftl -I../../../../dftl -I../../../../target -I../../../../target/cosmos_plus -I../../../../ftl/dftl -c -fmessage-length=0 -MT"src/hil/nvme/nvme_identify.o" -mcpu=cortex-a9 -mfpu=vfpv3 -mfloat-abi=hard -MMD -MP -MF"src/hil/nvme/nvme_identify.d" -MT"src/hil/nvme/nvme_identify.o" -o "src/hil/nvme/nvme_identify.o" "D:/git/StreamFTL/cosmos_plus/hil/nvme/nvme_identify.c"
Finished building: D:/git/StreamFTL/cosmos_plus/hil/nvme/nvme_identify.c
 
Building file: D:/git/StreamFTL/cosmos_plus/hil/nvme/nvme_io_cmd.c
Invoking: ARM v7 g++ compiler
arm-none-eabi-g++ -DCOSMOS_PLUS=1 -DDFTL=1 -Wall -O0 -g3 -I../../dftl_bsp/ps7_cortexa9_0/include -I../../streamftl_bsp/ps7_cortexa9_0/include -I../../../../common -I../../../../fil -I../../../../test -I../../../../hil -I../../../../hil/nvme -I../../../../ftl -I../../../../dftl -I../../../../target -I../../../../target/cosmos_plus -I../../../../ftl/dftl -c -fmessage-length=0 -MT"src/hil/nvme/nvme_io_cmd.o" -mcpu=cortex-a9 -mfpu=vfpv3 -mfloat-abi=hard -MMD -MP -MF"src/hil/nvme/nvme_io_cmd.d" -MT"src/hil/nvme/nvme_io_cmd.o" -o "src/hil/nvme/nvme_io_cmd.o" "D:/git/StreamFTL/cosmos_plus/hil/nvme/nvme_io_cmd.c"
Finished building: D:/git/StreamFTL/cosmos_plus/hil/nvme/nvme_io_cmd.c
 
Building file: D:/git/StreamFTL/cosmos_plus/hil/nvme/nvme_main.c
Invoking: ARM v7 g++ compiler
arm-none-eabi-g++ -DCOSMOS_PLUS=1 -DDFTL=1 -Wall -O0 -g3 -I../../dftl_bsp/ps7_cortexa9_0/include -I../../streamftl_bsp/ps7_cortexa9_0/include -I../../../../common -I../../../../fil -I../../../../test -I../../../../hil -I../../../../hil/nvme -I../../../../ftl -I../../../../dftl -I../../../../target -I../../../../target/cosmos_plus -I../../../../ftl/dftl -c -fmessage-length=0 -MT"src/hil/nvme/nvme_main.o" -mcpu=cortex-a9 -mfpu=vfpv3 -mfloat-abi=hard -MMD -MP -MF"src/hil/nvme/nvme_main.d" -MT"src/hil/nvme/nvme_main.o" -o "src/hil/nvme/nvme_main.o" "D:/git/StreamFTL/cosmos_plus/hil/nvme/nvme_main.c"
D:/git/StreamFTL/cosmos_plus/hil/nvme/nvme_main.c: In function 'void nvme_run()':
D:/git/StreamFTL/cosmos_plus/hil/nvme/nvme_main.c:117:15: warning: variable 'exeLlr' set but not used [-Wunused-but-set-variable]
  unsigned int exeLlr;   // dy, execute low level request
               ^~~~~~
Finished building: D:/git/StreamFTL/cosmos_plus/hil/nvme/nvme_main.c
 
Building file: D:/git/StreamFTL/cosmos_plus/hil/hil.c
Invoking: ARM v7 g++ compiler
arm-none-eabi-g++ -DCOSMOS_PLUS=1 -DDFTL=1 -Wall -O0 -g3 -I../../dftl_bsp/ps7_cortexa9_0/include -I../../streamftl_bsp/ps7_cortexa9_0/include -I../../../../common -I../../../../fil -I../../../../test -I../../../../hil -I../../../../hil/nvme -I../../../../ftl -I../../../../dftl -I../../../../target -I../../../../target/cosmos_plus -I../../../../ftl/dftl -c -fmessage-length=0 -MT"src/hil/hil.o" -mcpu=cortex-a9 -mfpu=vfpv3 -mfloat-abi=hard -MMD -MP -MF"src/hil/hil.d" -MT"src/hil/hil.o" -o "src/hil/hil.o" "D:/git/StreamFTL/cosmos_plus/hil/hil.c"
Finished building: D:/git/StreamFTL/cosmos_plus/hil/hil.c
 
Building file: D:/git/StreamFTL/cosmos_plus/ftl/dftl/dftl_activeblock.cpp
Invoking: ARM v7 g++ compiler
arm-none-eabi-g++ -DCOSMOS_PLUS=1 -DDFTL=1 -Wall -O0 -g3 -I../../dftl_bsp/ps7_cortexa9_0/include -I../../streamftl_bsp/ps7_cortexa9_0/include -I../../../../common -I../../../../fil -I../../../../test -I../../../../hil -I../../../../hil/nvme -I../../../../ftl -I../../../../dftl -I../../../../target -I../../../../target/cosmos_plus -I../../../../ftl/dftl -c -fmessage-length=0 -MT"src/ftl/dftl/dftl_activeblock.o" -mcpu=cortex-a9 -mfpu=vfpv3 -mfloat-abi=hard -MMD -MP -MF"src/ftl/dftl/dftl_activeblock.d" -MT"src/ftl/dftl/dftl_activeblock.o" -o "src/ftl/dftl/dftl_activeblock.o" "D:/git/StreamFTL/cosmos_plus/ftl/dftl/dftl_activeblock.cpp"
In file included from D:/git/StreamFTL/cosmos_plus/ftl/dftl/dftl_internal.h:24:0,
                 from D:/git/StreamFTL/cosmos_plus/ftl/dftl/dftl_activeblock.cpp:16:
D:/git/StreamFTL/cosmos_plus/ftl/dftl/dftl_activeblock.h: In constructor 'ACTIVE_BLOCK::ACTIVE_BLOCK()':
../../../../common/cosmos_types.h:91:43: warning: 'ACTIVE_BLOCK::m_nCurProgramBuffering' will be initialized after [-Wreorder]
 #define ACTIVE_BLOCK_BUFFERING_INDEX_BITS 8
                                           ^
D:/git/StreamFTL/cosmos_plus/ftl/dftl/dftl_activeblock.h:79:40: note: in expansion of macro 'ACTIVE_BLOCK_BUFFERING_INDEX_BITS'
  unsigned int m_nCurProgramBuffering : ACTIVE_BLOCK_BUFFERING_INDEX_BITS;
                                        ^
In file included from D:/git/StreamFTL/cosmos_plus/ftl/dftl/dftl_internal.h:49:0,
                 from D:/git/StreamFTL/cosmos_plus/ftl/dftl/dftl_activeblock.cpp:16:
D:/git/StreamFTL/cosmos_plus/ftl/dftl/dftl_activeblock.h:72:11: warning:   'UINT32 ACTIVE_BLOCK::m_nCurVPPN' [-Wreorder]
  UINT32   m_nCurVPPN;    // PPN recently written
           ^~~~~~~~~~
D:/git/StreamFTL/cosmos_plus/ftl/dftl/dftl_activeblock.cpp:132:1: warning:   when initialized here [-Wreorder]
 ACTIVE_BLOCK::ACTIVE_BLOCK(VOID)
 ^~~~~~~~~~~~
In file included from D:/git/StreamFTL/cosmos_plus/ftl/dftl/dftl_internal.h:49:0,
                 from D:/git/StreamFTL/cosmos_plus/ftl/dftl/dftl_activeblock.cpp:16:
D:/git/StreamFTL/cosmos_plus/ftl/dftl/dftl_activeblock.h:72:11: warning: 'ACTIVE_BLOCK::m_nCurVPPN' will be initialized after [-Wreorder]
  UINT32   m_nCurVPPN;    // PPN recently written
           ^~~~~~~~~~
D:/git/StreamFTL/cosmos_plus/ftl/dftl/dftl_activeblock.h:71:11: warning:   'UINT32 ACTIVE_BLOCK::m_nVBN' [-Wreorder]
  UINT32   m_nVBN;
           ^~~~~~
D:/git/StreamFTL/cosmos_plus/ftl/dftl/dftl_activeblock.cpp:132:1: warning:   when initialized here [-Wreorder]
 ACTIVE_BLOCK::ACTIVE_BLOCK(VOID)
 ^~~~~~~~~~~~
D:/git/StreamFTL/cosmos_plus/ftl/dftl/dftl_activeblock.cpp: In member function 'ACTIVE_BLOCK* ACTIVE_BLOCK_MGR::GetActiveBlock(IOTYPE)':
D:/git/StreamFTL/cosmos_plus/ftl/dftl/dftl_activeblock.cpp:591:7: warning: unused variable 'bNeedNewBlock' [-Wunused-variable]
  BOOL bNeedNewBlock = FALSE;
       ^~~~~~~~~~~~~
Finished building: D:/git/StreamFTL/cosmos_plus/ftl/dftl/dftl_activeblock.cpp
 
Building file: D:/git/StreamFTL/cosmos_plus/ftl/dftl/dftl_block.cpp
Invoking: ARM v7 g++ compiler
arm-none-eabi-g++ -DCOSMOS_PLUS=1 -DDFTL=1 -Wall -O0 -g3 -I../../dftl_bsp/ps7_cortexa9_0/include -I../../streamftl_bsp/ps7_cortexa9_0/include -I../../../../common -I../../../../fil -I../../../../test -I../../../../hil -I../../../../hil/nvme -I../../../../ftl -I../../../../dftl -I../../../../target -I../../../../target/cosmos_plus -I../../../../ftl/dftl -c -fmessage-length=0 -MT"src/ftl/dftl/dftl_block.o" -mcpu=cortex-a9 -mfpu=vfpv3 -mfloat-abi=hard -MMD -MP -MF"src/ftl/dftl/dftl_block.d" -MT"src/ftl/dftl/dftl_block.o" -o "src/ftl/dftl/dftl_block.o" "D:/git/StreamFTL/cosmos_plus/ftl/dftl/dftl_block.cpp"
D:/git/StreamFTL/cosmos_plus/ftl/dftl/dftl_block.cpp: In member function 'VOID BLOCK_MGR::CheckVPC(UINT32)':
D:/git/StreamFTL/cosmos_plus/ftl/dftl/dftl_block.cpp:298:9: warning: variable 'nValidVPN_VBInfo' set but not used [-Wunused-but-set-variable]
  UINT32 nValidVPN_VBInfo;
         ^~~~~~~~~~~~~~~~
D:/git/StreamFTL/cosmos_plus/ftl/dftl/dftl_block.cpp:303:9: warning: unused variable 'nValidVPN_VNand' [-Wunused-variable]
  UINT32 nValidVPN_VNand = pstVNandMgr->GetValidVPNCount(nVBN);
         ^~~~~~~~~~~~~~~
Finished building: D:/git/StreamFTL/cosmos_plus/ftl/dftl/dftl_block.cpp
 
Building file: D:/git/StreamFTL/cosmos_plus/ftl/dftl/dftl_bufferpool.cpp
Invoking: ARM v7 g++ compiler
arm-none-eabi-g++ -DCOSMOS_PLUS=1 -DDFTL=1 -Wall -O0 -g3 -I../../dftl_bsp/ps7_cortexa9_0/include -I../../streamftl_bsp/ps7_cortexa9_0/include -I../../../../common -I../../../../fil -I../../../../test -I../../../../hil -I../../../../hil/nvme -I../../../../ftl -I../../../../dftl -I../../../../target -I../../../../target/cosmos_plus -I../../../../ftl/dftl -c -fmessage-length=0 -MT"src/ftl/dftl/dftl_bufferpool.o" -mcpu=cortex-a9 -mfpu=vfpv3 -mfloat-abi=hard -MMD -MP -MF"src/ftl/dftl/dftl_bufferpool.d" -MT"src/ftl/dftl/dftl_bufferpool.o" -o "src/ftl/dftl/dftl_bufferpool.o" "D:/git/StreamFTL/cosmos_plus/ftl/dftl/dftl_bufferpool.cpp"
Finished building: D:/git/StreamFTL/cosmos_plus/ftl/dftl/dftl_bufferpool.cpp
 
Building file: D:/git/StreamFTL/cosmos_plus/ftl/dftl/dftl_external_interface.cpp
Invoking: ARM v7 g++ compiler
arm-none-eabi-g++ -DCOSMOS_PLUS=1 -DDFTL=1 -Wall -O0 -g3 -I../../dftl_bsp/ps7_cortexa9_0/include -I../../streamftl_bsp/ps7_cortexa9_0/include -I../../../../common -I../../../../fil -I../../../../test -I../../../../hil -I../../../../hil/nvme -I../../../../ftl -I../../../../dftl -I../../../../target -I../../../../target/cosmos_plus -I../../../../ftl/dftl -c -fmessage-length=0 -MT"src/ftl/dftl/dftl_external_interface.o" -mcpu=cortex-a9 -mfpu=vfpv3 -mfloat-abi=hard -MMD -MP -MF"src/ftl/dftl/dftl_external_interface.d" -MT"src/ftl/dftl/dftl_external_interface.o" -o "src/ftl/dftl/dftl_external_interface.o" "D:/git/StreamFTL/cosmos_plus/ftl/dftl/dftl_external_interface.cpp"
Finished building: D:/git/StreamFTL/cosmos_plus/ftl/dftl/dftl_external_interface.cpp
 
Building file: D:/git/StreamFTL/cosmos_plus/ftl/dftl/dftl_garbagecollector.cpp
Invoking: ARM v7 g++ compiler
arm-none-eabi-g++ -DCOSMOS_PLUS=1 -DDFTL=1 -Wall -O0 -g3 -I../../dftl_bsp/ps7_cortexa9_0/include -I../../streamftl_bsp/ps7_cortexa9_0/include -I../../../../common -I../../../../fil -I../../../../test -I../../../../hil -I../../../../hil/nvme -I../../../../ftl -I../../../../dftl -I../../../../target -I../../../../target/cosmos_plus -I../../../../ftl/dftl -c -fmessage-length=0 -MT"src/ftl/dftl/dftl_garbagecollector.o" -mcpu=cortex-a9 -mfpu=vfpv3 -mfloat-abi=hard -MMD -MP -MF"src/ftl/dftl/dftl_garbagecollector.d" -MT"src/ftl/dftl/dftl_garbagecollector.o" -o "src/ftl/dftl/dftl_garbagecollector.o" "D:/git/StreamFTL/cosmos_plus/ftl/dftl/dftl_garbagecollector.cpp"
D:/git/StreamFTL/cosmos_plus/ftl/dftl/dftl_garbagecollector.cpp: In member function 'BOOL GC_MGR::IsGCRunning()':
D:/git/StreamFTL/cosmos_plus/ftl/dftl/dftl_garbagecollector.cpp:53:19: warning: comparison between signed and unsigned integer expressions [-Wsign-compare]
  if (m_nVictimVBN == INVALID_VBN)
D:/git/StreamFTL/cosmos_plus/ftl/dftl/dftl_garbagecollector.cpp: In member function 'VOID GC_DEBUG::SetFlag(UINT32, GC_DEBUG::GC_DEBUG_FLAG)':
D:/git/StreamFTL/cosmos_plus/ftl/dftl/dftl_garbagecollector.cpp:264:9: warning: enumeration value 'GC_DEBUG_FLAG_READ_DONE' not handled in switch [-Wswitch]
  switch (eFlag)
         ^
D:/git/StreamFTL/cosmos_plus/ftl/dftl/dftl_garbagecollector.cpp:264:9: warning: enumeration value 'GC_DEBUG_FLAG_MASK' not handled in switch [-Wswitch]
Finished building: D:/git/StreamFTL/cosmos_plus/ftl/dftl/dftl_garbagecollector.cpp
 
Building file: D:/git/StreamFTL/cosmos_plus/ftl/dftl/dftl_global.cpp
Invoking: ARM v7 g++ compiler
arm-none-eabi-g++ -DCOSMOS_PLUS=1 -DDFTL=1 -Wall -O0 -g3 -I../../dftl_bsp/ps7_cortexa9_0/include -I../../streamftl_bsp/ps7_cortexa9_0/include -I../../../../common -I../../../../fil -I../../../../test -I../../../../hil -I../../../../hil/nvme -I../../../../ftl -I../../../../dftl -I../../../../target -I../../../../target/cosmos_plus -I../../../../ftl/dftl -c -fmessage-length=0 -MT"src/ftl/dftl/dftl_global.o" -mcpu=cortex-a9 -mfpu=vfpv3 -mfloat-abi=hard -MMD -MP -MF"src/ftl/dftl/dftl_global.d" -MT"src/ftl/dftl/dftl_global.o" -o "src/ftl/dftl/dftl_global.o" "D:/git/StreamFTL/cosmos_plus/ftl/dftl/dftl_global.cpp"
D:/git/StreamFTL/cosmos_plus/ftl/dftl/dftl_global.cpp: In member function 'virtual VOID DFTL_GLOBAL::CallBack(FTL_REQUEST_ID)':
D:/git/StreamFTL/cosmos_plus/ftl/dftl/dftl_global.cpp:153:34: warning: comparison between signed and unsigned integer expressions [-Wsign-compare]
   if (pstRequest->GetDoneCount() == pstRequest->GetLPNCount())
       ~~~~~~~~~~~~~~~~~~~~~~~~~~~^~~~~~~~~~~~~~~~~~~~~~~~~~~~
Finished building: D:/git/StreamFTL/cosmos_plus/ftl/dftl/dftl_global.cpp
 
Building file: D:/git/StreamFTL/cosmos_plus/ftl/dftl/dftl_hdma.cpp
Invoking: ARM v7 g++ compiler
arm-none-eabi-g++ -DCOSMOS_PLUS=1 -DDFTL=1 -Wall -O0 -g3 -I../../dftl_bsp/ps7_cortexa9_0/include -I../../streamftl_bsp/ps7_cortexa9_0/include -I../../../../common -I../../../../fil -I../../../../test -I../../../../hil -I../../../../hil/nvme -I../../../../ftl -I../../../../dftl -I../../../../target -I../../../../target/cosmos_plus -I../../../../ftl/dftl -c -fmessage-length=0 -MT"src/ftl/dftl/dftl_hdma.o" -mcpu=cortex-a9 -mfpu=vfpv3 -mfloat-abi=hard -MMD -MP -MF"src/ftl/dftl/dftl_hdma.d" -MT"src/ftl/dftl/dftl_hdma.o" -o "src/ftl/dftl/dftl_hdma.o" "D:/git/StreamFTL/cosmos_plus/ftl/dftl/dftl_hdma.cpp"
Finished building: D:/git/StreamFTL/cosmos_plus/ftl/dftl/dftl_hdma.cpp
 
Building file: D:/git/StreamFTL/cosmos_plus/ftl/dftl/dftl_meta.cpp
Invoking: ARM v7 g++ compiler
arm-none-eabi-g++ -DCOSMOS_PLUS=1 -DDFTL=1 -Wall -O0 -g3 -I../../dftl_bsp/ps7_cortexa9_0/include -I../../streamftl_bsp/ps7_cortexa9_0/include -I../../../../common -I../../../../fil -I../../../../test -I../../../../hil -I../../../../hil/nvme -I../../../../ftl -I../../../../dftl -I../../../../target -I../../../../target/cosmos_plus -I../../../../ftl/dftl -c -fmessage-length=0 -MT"src/ftl/dftl/dftl_meta.o" -mcpu=cortex-a9 -mfpu=vfpv3 -mfloat-abi=hard -MMD -MP -MF"src/ftl/dftl/dftl_meta.d" -MT"src/ftl/dftl/dftl_meta.o" -o "src/ftl/dftl/dftl_meta.o" "D:/git/StreamFTL/cosmos_plus/ftl/dftl/dftl_meta.cpp"
D:/git/StreamFTL/cosmos_plus/ftl/dftl/dftl_meta.cpp: In member function 'BOOL META_CACHE::Format()':
D:/git/StreamFTL/cosmos_plus/ftl/dftl/dftl_meta.cpp:80:23: warning: comparison between signed and unsigned integer expressions [-Wsign-compare]
   for (INT32 i = 0; i < L2V_PER_META_PAGE; i++)
D:/git/StreamFTL/cosmos_plus/ftl/dftl/dftl_meta.cpp: In member function 'META_CACHE_ENTRY* META_CACHE::GetMetaEntry(UINT32)':
D:/git/StreamFTL/cosmos_plus/ftl/dftl/dftl_meta.cpp:120:15: warning: comparison between signed and unsigned integer expressions [-Wsign-compare]
  if (nPrevLPN != nLPN)
      ~~~~~~~~~^~~~~~~
Finished building: D:/git/StreamFTL/cosmos_plus/ftl/dftl/dftl_meta.cpp
 
Building file: D:/git/StreamFTL/cosmos_plus/ftl/dftl/dftl_request.cpp
Invoking: ARM v7 g++ compiler
arm-none-eabi-g++ -DCOSMOS_PLUS=1 -DDFTL=1 -Wall -O0 -g3 -I../../dftl_bsp/ps7_cortexa9_0/include -I../../streamftl_bsp/ps7_cortexa9_0/include -I../../../../common -I../../../../fil -I../../../../test -I../../../../hil -I../../../../hil/nvme -I../../../../ftl -I../../../../dftl -I../../../../target -I../../../../target/cosmos_plus -I../../../../ftl/dftl -c -fmessage-length=0 -MT"src/ftl/dftl/dftl_request.o" -mcpu=cortex-a9 -mfpu=vfpv3 -mfloat-abi=hard -MMD -MP -MF"src/ftl/dftl/dftl_request.d" -MT"src/ftl/dftl/dftl_request.o" -o "src/ftl/dftl/dftl_request.o" "D:/git/StreamFTL/cosmos_plus/ftl/dftl/dftl_request.cpp"
Finished building: D:/git/StreamFTL/cosmos_plus/ftl/dftl/dftl_request.cpp
 
Building file: D:/git/StreamFTL/cosmos_plus/ftl/dftl/dftl_request_gc.cpp
Invoking: ARM v7 g++ compiler
arm-none-eabi-g++ -DCOSMOS_PLUS=1 -DDFTL=1 -Wall -O0 -g3 -I../../dftl_bsp/ps7_cortexa9_0/include -I../../streamftl_bsp/ps7_cortexa9_0/include -I../../../../common -I../../../../fil -I../../../../test -I../../../../hil -I../../../../hil/nvme -I../../../../ftl -I../../../../dftl -I../../../../target -I../../../../target/cosmos_plus -I../../../../ftl/dftl -c -fmessage-length=0 -MT"src/ftl/dftl/dftl_request_gc.o" -mcpu=cortex-a9 -mfpu=vfpv3 -mfloat-abi=hard -MMD -MP -MF"src/ftl/dftl/dftl_request_gc.d" -MT"src/ftl/dftl/dftl_request_gc.o" -o "src/ftl/dftl/dftl_request_gc.o" "D:/git/StreamFTL/cosmos_plus/ftl/dftl/dftl_request_gc.cpp"
Finished building: D:/git/StreamFTL/cosmos_plus/ftl/dftl/dftl_request_gc.cpp
 
Building file: D:/git/StreamFTL/cosmos_plus/ftl/dftl/dftl_request_hil.cpp
Invoking: ARM v7 g++ compiler
arm-none-eabi-g++ -DCOSMOS_PLUS=1 -DDFTL=1 -Wall -O0 -g3 -I../../dftl_bsp/ps7_cortexa9_0/include -I../../streamftl_bsp/ps7_cortexa9_0/include -I../../../../common -I../../../../fil -I../../../../test -I../../../../hil -I../../../../hil/nvme -I../../../../ftl -I../../../../dftl -I../../../../target -I../../../../target/cosmos_plus -I../../../../ftl/dftl -c -fmessage-length=0 -MT"src/ftl/dftl/dftl_request_hil.o" -mcpu=cortex-a9 -mfpu=vfpv3 -mfloat-abi=hard -MMD -MP -MF"src/ftl/dftl/dftl_request_hil.d" -MT"src/ftl/dftl/dftl_request_hil.o" -o "src/ftl/dftl/dftl_request_hil.o" "D:/git/StreamFTL/cosmos_plus/ftl/dftl/dftl_request_hil.cpp"
Finished building: D:/git/StreamFTL/cosmos_plus/ftl/dftl/dftl_request_hil.cpp
 
Building file: D:/git/StreamFTL/cosmos_plus/ftl/dftl/dftl_request_meta.cpp
Invoking: ARM v7 g++ compiler
arm-none-eabi-g++ -DCOSMOS_PLUS=1 -DDFTL=1 -Wall -O0 -g3 -I../../dftl_bsp/ps7_cortexa9_0/include -I../../streamftl_bsp/ps7_cortexa9_0/include -I../../../../common -I../../../../fil -I../../../../test -I../../../../hil -I../../../../hil/nvme -I../../../../ftl -I../../../../dftl -I../../../../target -I../../../../target/cosmos_plus -I../../../../ftl/dftl -c -fmessage-length=0 -MT"src/ftl/dftl/dftl_request_meta.o" -mcpu=cortex-a9 -mfpu=vfpv3 -mfloat-abi=hard -MMD -MP -MF"src/ftl/dftl/dftl_request_meta.d" -MT"src/ftl/dftl/dftl_request_meta.o" -o "src/ftl/dftl/dftl_request_meta.o" "D:/git/StreamFTL/cosmos_plus/ftl/dftl/dftl_request_meta.cpp"
In file included from D:/git/StreamFTL/cosmos_plus/ftl/dftl/dftl_internal.h:36:0,
                 from D:/git/StreamFTL/cosmos_plus/ftl/dftl/dftl_request_meta.cpp:16:
D:/git/StreamFTL/cosmos_plus/ftl/dftl/dftl_request_meta.cpp: In member function 'BOOL META_REQUEST::_ProcessRead_Wait()':
D:/git/StreamFTL/cosmos_plus/ftl/dftl/dftl_request_meta.cpp:163:22: warning: comparison between 'enum META_REQUEST_STATUS' and 'enum HIL_REQUEST_STATUS' [-Wenum-compare]
  ASSERT(m_nStatus == HIL_REQUEST_READ_WAIT);
                      ^
../../../../common/debug.h:57:7: note: in definition of macro 'ASSERT'
 if (!(X))                \
       ^
D:/git/StreamFTL/cosmos_plus/ftl/dftl/dftl_request_meta.cpp:166:15: warning: unused variable 'pstBufferMgr' [-Wunused-variable]
  BUFFER_MGR*  pstBufferMgr = DFTL_GLOBAL::GetBufferMgr();
               ^~~~~~~~~~~~
Finished building: D:/git/StreamFTL/cosmos_plus/ftl/dftl/dftl_request_meta.cpp
 
Building file: D:/git/StreamFTL/cosmos_plus/ftl/dftl/dftl_vnand.cpp
Invoking: ARM v7 g++ compiler
arm-none-eabi-g++ -DCOSMOS_PLUS=1 -DDFTL=1 -Wall -O0 -g3 -I../../dftl_bsp/ps7_cortexa9_0/include -I../../streamftl_bsp/ps7_cortexa9_0/include -I../../../../common -I../../../../fil -I../../../../test -I../../../../hil -I../../../../hil/nvme -I../../../../ftl -I../../../../dftl -I../../../../target -I../../../../target/cosmos_plus -I../../../../ftl/dftl -c -fmessage-length=0 -MT"src/ftl/dftl/dftl_vnand.o" -mcpu=cortex-a9 -mfpu=vfpv3 -mfloat-abi=hard -MMD -MP -MF"src/ftl/dftl/dftl_vnand.d" -MT"src/ftl/dftl/dftl_vnand.o" -o "src/ftl/dftl/dftl_vnand.o" "D:/git/StreamFTL/cosmos_plus/ftl/dftl/dftl_vnand.cpp"
Finished building: D:/git/StreamFTL/cosmos_plus/ftl/dftl/dftl_vnand.cpp
 
Building file: D:/git/StreamFTL/cosmos_plus/fil/fil.c
Invoking: ARM v7 g++ compiler
arm-none-eabi-g++ -DCOSMOS_PLUS=1 -DDFTL=1 -Wall -O0 -g3 -I../../dftl_bsp/ps7_cortexa9_0/include -I../../streamftl_bsp/ps7_cortexa9_0/include -I../../../../common -I../../../../fil -I../../../../test -I../../../../hil -I../../../../hil/nvme -I../../../../ftl -I../../../../dftl -I../../../../target -I../../../../target/cosmos_plus -I../../../../ftl/dftl -c -fmessage-length=0 -MT"src/fil/fil.o" -mcpu=cortex-a9 -mfpu=vfpv3 -mfloat-abi=hard -MMD -MP -MF"src/fil/fil.d" -MT"src/fil/fil.o" -o "src/fil/fil.o" "D:/git/StreamFTL/cosmos_plus/fil/fil.c"
D:/git/StreamFTL/cosmos_plus/fil/fil.c: In function 'BOOL FIL_IsBad(INT32)':
D:/git/StreamFTL/cosmos_plus/fil/fil.c:71:20: warning: comparison between signed and unsigned integer expressions [-Wsign-compare]
  for (int i = 0; i < sizeof(anBadPBN) / sizeof(int); i++)
                  ~~^~~~~~~~~~~~~~~~~~~~~~~~~~~~
Finished building: D:/git/StreamFTL/cosmos_plus/fil/fil.c
 
Building file: D:/git/StreamFTL/cosmos_plus/fil/fil_nand.c
Invoking: ARM v7 g++ compiler
arm-none-eabi-g++ -DCOSMOS_PLUS=1 -DDFTL=1 -Wall -O0 -g3 -I../../dftl_bsp/ps7_cortexa9_0/include -I../../streamftl_bsp/ps7_cortexa9_0/include -I../../../../common -I../../../../fil -I../../../../test -I../../../../hil -I../../../../hil/nvme -I../../../../ftl -I../../../../dftl -I../../../../target -I../../../../target/cosmos_plus -I../../../../ftl/dftl -c -fmessage-length=0 -MT"src/fil/fil_nand.o" -mcpu=cortex-a9 -mfpu=vfpv3 -mfloat-abi=hard -MMD -MP -MF"src/fil/fil_nand.d" -MT"src/fil/fil_nand.o" -o "src/fil/fil_nand.o" "D:/git/StreamFTL/cosmos_plus/fil/fil_nand.c"
D:/git/StreamFTL/cosmos_plus/fil/fil_nand.c: In function 'unsigned int _GetRowAddress(int, int, int, int)':
D:/git/StreamFTL/cosmos_plus/fil/fil_nand.c:858:15: warning: variable 'nDieNo' set but not used [-Wunused-but-set-variable]
  unsigned int nDieNo;
               ^~~~~~
D:/git/StreamFTL/cosmos_plus/fil/fil_nand.c: At global scope:
D:/git/StreamFTL/cosmos_plus/fil/fil_nand.c:883:12: warning: 'int _IsRequestFail(unsigned int)' defined but not used [-Wunused-function]
 static int _IsRequestFail(unsigned int nResult)
            ^~~~~~~~~~~~~~
D:/git/StreamFTL/cosmos_plus/fil/fil_nand.c:774:12: warning: 'int _IsValidAddress(int, int, int, int)' defined but not used [-Wunused-function]
 static int _IsValidAddress(int nCh, int nWay, int nBlock, int nPage)
            ^~~~~~~~~~~~~~~
Finished building: D:/git/StreamFTL/cosmos_plus/fil/fil_nand.c
 
Building file: D:/git/StreamFTL/cosmos_plus/fil/fil_request.c
Invoking: ARM v7 g++ compiler
arm-none-eabi-g++ -DCOSMOS_PLUS=1 -DDFTL=1 -Wall -O0 -g3 -I../../dftl_bsp/ps7_cortexa9_0/include -I../../streamftl_bsp/ps7_cortexa9_0/include -I../../../../common -I../../../../fil -I../../../../test -I../../../../hil -I../../../../hil/nvme -I../../../../ftl -I../../../../dftl -I../../../../target -I../../../../target/cosmos_plus -I../../../../ftl/dftl -c -fmessage-length=0 -MT"src/fil/fil_request.o" -mcpu=cortex-a9 -mfpu=vfpv3 -mfloat-abi=hard -MMD -MP -MF"src/fil/fil_request.d" -MT"src/fil/fil_request.o" -o "src/fil/fil_request.o" "D:/git/StreamFTL/cosmos_plus/fil/fil_request.c"
Finished building: D:/git/StreamFTL/cosmos_plus/fil/fil_request.c
 
Building file: D:/git/StreamFTL/cosmos_plus/fil/nsc_driver.c
Invoking: ARM v7 g++ compiler
arm-none-eabi-g++ -DCOSMOS_PLUS=1 -DDFTL=1 -Wall -O0 -g3 -I../../dftl_bsp/ps7_cortexa9_0/include -I../../streamftl_bsp/ps7_cortexa9_0/include -I../../../../common -I../../../../fil -I../../../../test -I../../../../hil -I../../../../hil/nvme -I../../../../ftl -I../../../../dftl -I../../../../target -I../../../../target/cosmos_plus -I../../../../ftl/dftl -c -fmessage-length=0 -MT"src/fil/nsc_driver.o" -mcpu=cortex-a9 -mfpu=vfpv3 -mfloat-abi=hard -MMD -MP -MF"src/fil/nsc_driver.d" -MT"src/fil/nsc_driver.o" -o "src/fil/nsc_driver.o" "D:/git/StreamFTL/cosmos_plus/fil/nsc_driver.c"
Finished building: D:/git/StreamFTL/cosmos_plus/fil/nsc_driver.c
 
Building file: D:/git/StreamFTL/cosmos_plus/common/util.c
Invoking: ARM v7 g++ compiler
arm-none-eabi-g++ -DCOSMOS_PLUS=1 -DDFTL=1 -Wall -O0 -g3 -I../../dftl_bsp/ps7_cortexa9_0/include -I../../streamftl_bsp/ps7_cortexa9_0/include -I../../../../common -I../../../../fil -I../../../../test -I../../../../hil -I../../../../hil/nvme -I../../../../ftl -I../../../../dftl -I../../../../target -I../../../../target/cosmos_plus -I../../../../ftl/dftl -c -fmessage-length=0 -MT"src/common/util.o" -mcpu=cortex-a9 -mfpu=vfpv3 -mfloat-abi=hard -MMD -MP -MF"src/common/util.d" -MT"src/common/util.o" -o "src/common/util.o" "D:/git/StreamFTL/cosmos_plus/common/util.c"
Finished building: D:/git/StreamFTL/cosmos_plus/common/util.c
 
Building target: dftl.elf
Invoking: ARM v7 g++ linker
arm-none-eabi-g++ -mcpu=cortex-a9 -mfpu=vfpv3 -mfloat-abi=hard -Wl,-build-id=none -specs=Xilinx.spec -Wl,-T -Wl,../src/lscript.ld -L../../dftl_bsp/ps7_cortexa9_0/lib -o "dftl.elf"  ./src/test/test_main.o ./src/test/test_nvme_request.o  ./src/target/cosmos_plus/cosmos_plus_system.o  ./src/target/main.o ./src/target/osal.o  ./src/hil/nvme/host_lld.o ./src/hil/nvme/nvme_admin_cmd.o ./src/hil/nvme/nvme_identify.o ./src/hil/nvme/nvme_io_cmd.o ./src/hil/nvme/nvme_main.o  ./src/hil/hil.o  ./src/ftl/dftl/dftl_activeblock.o ./src/ftl/dftl/dftl_block.o ./src/ftl/dftl/dftl_bufferpool.o ./src/ftl/dftl/dftl_external_interface.o ./src/ftl/dftl/dftl_garbagecollector.o ./src/ftl/dftl/dftl_global.o ./src/ftl/dftl/dftl_hdma.o ./src/ftl/dftl/dftl_meta.o ./src/ftl/dftl/dftl_request.o ./src/ftl/dftl/dftl_request_gc.o ./src/ftl/dftl/dftl_request_hil.o ./src/ftl/dftl/dftl_request_meta.o ./src/ftl/dftl/dftl_vnand.o  ./src/fil/fil.o ./src/fil/fil_nand.o ./src/fil/fil_request.o ./src/fil/nsc_driver.o  ./src/common/list.o ./src/common/random.o ./src/common/util.o   -Wl,--start-group,-lxil,-lgcc,-lc,-lstdc++,--end-group
Finished building target: dftl.elf
 
Invoking: ARM v7 Print Size
arm-none-eabi-size dftl.elf  |tee "dftl.elf.size"
   text	   data	    bss	    dec	    hex	filename
 233064	   4276	  23856	 261196	  3fc4c	dftl.elf
Finished building: dftl.elf.size
 

16:48:00 Build Finished (took 9s.664ms)

